// Vitest Snapshot v1, https://vitest.dev/guide/snapshot.html

exports[`NotFounePage > mount component 1`] = `
"<div class="h-dvh grid place-items-center">
  <div class="flex flex-col gap-4 items-center"><span class="text-4xl">Not found</span><button>To main page</button><span class="text-9xl">ğŸ‘¹</span></div>
</div>"
`;
