// Vitest Snapshot v1, https://vitest.dev/guide/snapshot.html

exports[`CocktailCard > mount component 1`] = `
"<div class="p-2 flex flex-col gap-4 sm:gap-2 sm:flex-row">
  <!--    content-->
  <div class="flex-1 order-2 sm:order-1">
    <h1 class="mb-2">Vino</h1>
    <section class="mb-8">
      <p></p>
      <p></p>
      <p></p>
    </section>
    <section class="mb-8">
      <h3>Instructions:</h3>
      <p></p>
    </section>
    <section>
      <h2>List of ingredients:</h2>
    </section>
  </div><!--    image-->
  <div class="flex-1 order-1 sm:order-2">
    <!--v-if-->
  </div>
</div>"
`;
